// Jest Snapshot v1, https://goo.gl/fbAQLP

exports[`Snapshot:  Should match the snapshot:  1`] = `
<View
  style={
    Array [
      Object {
        "alignItems": "center",
        "flexGrow": 1,
        "justifyContent": "space-between",
        "paddingHorizontal": 10,
        "width": "100%",
      },
    ]
  }
  text={[Function]}
/>
`;
